[2026-04-13 20:33:08] Cron execution started
[2026-04-13 20:33:09] Cron execution started
[mosmil] MODULE executed (no HTTP_SERVER_SERVE_FOREVER found)
[2026-04-13 20:33:50] Cron execution completed

[mosmil] MODULE executed (no HTTP_SERVER_SERVE_FOREVER found)
[2026-04-13 20:33:50] Cron execution completed

[2026-04-13 20:34:16] Cron execution started
[2026-04-13 20:34:17] Cron execution started
/usr/local/bin/mosmil:3015: fork failed: resource temporarily unavailable
/usr/local/bin/mosmil:3015: fork failed: resource temporarily unavailable
[2026-04-13 20:36:36] Cron execution completed

[2026-04-13 20:36:36] Cron execution completed

[2026-04-13 20:37:00] Cron execution started
[2026-04-13 20:37:00] Cron execution started
[mosmil] MODULE executed (no HTTP_SERVER_SERVE_FOREVER found)
[2026-04-13 20:37:14] Cron execution completed

[mosmil] MODULE executed (no HTTP_SERVER_SERVE_FOREVER found)
[2026-04-13 20:37:21] Cron execution completed

[2026-04-13 20:39:07] Cron execution started
[2026-04-13 20:39:08] Cron execution started
[mosmil] MODULE executed (no HTTP_SERVER_SERVE_FOREVER found)
[2026-04-13 20:39:58] Cron execution completed

[mosmil] MODULE executed (no HTTP_SERVER_SERVE_FOREVER found)
[2026-04-13 20:40:01] Cron execution completed

[2026-04-13 20:42:11] Cron execution started
[2026-04-13 20:42:12] Cron execution started
[2026-04-13 20:42:18] Cron execution started
[2026-04-13 20:42:20] Cron execution started
[2026-04-13 20:42:42] ⚠ TIMEOUT: mosmil exceeded 30 seconds
[2026-04-13 20:42:42] ⚠ TIMEOUT: mosmil exceeded 30 seconds
[2026-04-13 20:42:42] Cron execution completed

[2026-04-13 20:42:44] Cron execution completed

[2026-04-13 20:42:49] ⚠ TIMEOUT: mosmil exceeded 30 seconds
[2026-04-13 20:42:50] Cron execution completed

[2026-04-13 20:42:51] ⚠ TIMEOUT: mosmil exceeded 30 seconds
[2026-04-13 20:42:51] Cron execution completed

[2026-04-13 20:45:59] Cron execution started
[2026-04-13 20:46:00] Cron execution started
[2026-04-13 20:46:29] ⚠ TIMEOUT: mosmil exceeded 30 seconds
[2026-04-13 20:46:29] Cron execution completed

[2026-04-13 20:46:30] ⚠ TIMEOUT: mosmil exceeded 30 seconds
[2026-04-13 20:46:31] Cron execution completed

[2026-04-13 20:47:37] Cron execution started
[2026-04-13 20:47:51] Cron execution started
[2026-04-13 20:48:08] ⚠ TIMEOUT: mosmil exceeded 30 seconds
[2026-04-13 20:48:08] Cron execution completed

[2026-04-13 20:48:22] ⚠ TIMEOUT: mosmil exceeded 30 seconds
[2026-04-13 20:48:22] Cron execution completed

[2026-04-13 20:48:47] Cron execution started
[2026-04-13 20:49:17] ⚠ TIMEOUT: mosmil exceeded 30 seconds
[2026-04-13 20:49:18] Cron execution completed

[2026-04-13 20:50:55] Cron execution started
[2026-04-13 20:51:26] ⚠ TIMEOUT: mosmil exceeded 30 seconds
[2026-04-13 20:51:26] Cron execution completed

[2026-04-13 20:52:11] Cron execution started
[2026-04-13 20:52:12] Cron execution started
[2026-04-13 20:52:42] ⚠ TIMEOUT: mosmil exceeded 30 seconds
[2026-04-13 20:52:42] Cron execution completed

[2026-04-13 20:52:42] ⚠ TIMEOUT: mosmil exceeded 30 seconds
[2026-04-13 20:52:43] Cron execution completed

[2026-04-13 20:53:22] Cron execution started
[2026-04-13 20:53:24] Cron execution started
[2026-04-13 20:53:53] ⚠ TIMEOUT: mosmil exceeded 30 seconds
[2026-04-13 20:53:53] Cron execution completed

[2026-04-13 20:53:55] ⚠ TIMEOUT: mosmil exceeded 30 seconds
[2026-04-13 20:53:55] Cron execution completed

[2026-04-13 20:54:48] Cron execution started
[2026-04-13 20:55:19] ⚠ TIMEOUT: mosmil exceeded 30 seconds
[2026-04-13 20:55:20] Cron execution completed

[2026-04-13 20:55:27] Cron execution started
[2026-04-13 20:55:51] Cron execution started
[2026-04-13 20:55:58] ⚠ TIMEOUT: mosmil exceeded 30 seconds
[2026-04-13 20:55:58] Cron execution completed

[2026-04-13 20:56:21] ⚠ TIMEOUT: mosmil exceeded 30 seconds
[2026-04-13 20:56:22] Cron execution completed

[2026-04-13 20:57:15] Cron execution started
[2026-04-13 20:57:16] Cron execution started
[2026-04-13 20:57:46] ⚠ TIMEOUT: mosmil exceeded 30 seconds
[2026-04-13 20:57:46] Cron execution completed

[2026-04-13 20:57:47] ⚠ TIMEOUT: mosmil exceeded 30 seconds
[2026-04-13 20:57:47] Cron execution completed

[2026-04-13 20:58:44] Cron execution started
[2026-04-13 20:58:47] Cron execution started
[2026-04-13 20:59:15] ⚠ TIMEOUT: mosmil exceeded 30 seconds
[2026-04-13 20:59:15] Cron execution completed

[2026-04-13 20:59:17] ⚠ TIMEOUT: mosmil exceeded 30 seconds
[2026-04-13 20:59:17] Cron execution completed

[2026-04-13 21:00:04] Cron execution started
[2026-04-13 21:00:04] Cron execution started
[2026-04-13 21:00:35] ⚠ TIMEOUT: mosmil exceeded 30 seconds
[2026-04-13 21:00:35] Cron execution completed

[2026-04-13 21:00:35] ⚠ TIMEOUT: mosmil exceeded 30 seconds
[2026-04-13 21:00:35] Cron execution completed

[2026-04-13 21:01:23] Cron execution started
[2026-04-13 21:01:25] Cron execution started
[2026-04-13 21:01:54] ⚠ TIMEOUT: mosmil exceeded 30 seconds
[2026-04-13 21:01:54] Cron execution completed

[2026-04-13 21:01:56] ⚠ TIMEOUT: mosmil exceeded 30 seconds
[2026-04-13 21:01:56] Cron execution completed

[2026-04-13 21:02:48] Cron execution started
[2026-04-13 21:02:49] Cron execution started
[2026-04-13 21:03:06] Cron execution started
[2026-04-13 21:03:19] ⚠ TIMEOUT: mosmil exceeded 30 seconds
[2026-04-13 21:03:20] Cron execution completed

[2026-04-13 21:03:20] ⚠ TIMEOUT: mosmil exceeded 30 seconds
[2026-04-13 21:03:20] Cron execution completed

[2026-04-13 21:03:37] ⚠ TIMEOUT: mosmil exceeded 30 seconds
[2026-04-13 21:03:37] Cron execution completed

[2026-04-13 21:04:14] Cron execution started
[2026-04-13 21:04:15] Cron execution started
[2026-04-13 21:04:45] ⚠ TIMEOUT: mosmil exceeded 30 seconds
[2026-04-13 21:04:45] Cron execution completed

[2026-04-13 21:04:46] ⚠ TIMEOUT: mosmil exceeded 30 seconds
[2026-04-13 21:04:46] Cron execution completed

[2026-04-13 21:05:38] Cron execution started
[2026-04-13 21:06:08] ⚠ TIMEOUT: mosmil exceeded 30 seconds
[2026-04-13 21:06:09] Cron execution completed

[2026-04-13 21:06:51] Cron execution started
[2026-04-13 21:06:52] Cron execution started
[2026-04-13 21:07:22] ⚠ TIMEOUT: mosmil exceeded 30 seconds
[2026-04-13 21:07:22] Cron execution completed

[2026-04-13 21:07:23] ⚠ TIMEOUT: mosmil exceeded 30 seconds
[2026-04-13 21:07:23] Cron execution completed

[2026-04-13 21:08:23] Cron execution started
[2026-04-13 21:08:54] ⚠ TIMEOUT: mosmil exceeded 30 seconds
[2026-04-13 21:08:54] Cron execution completed

[2026-04-13 21:09:35] Cron execution started
[2026-04-13 21:09:36] Cron execution started
[2026-04-13 21:10:06] ⚠ TIMEOUT: mosmil exceeded 30 seconds
[2026-04-13 21:10:06] Cron execution completed

[2026-04-13 21:10:06] ⚠ TIMEOUT: mosmil exceeded 30 seconds
[2026-04-13 21:10:06] Cron execution completed

[2026-04-13 21:10:55] Cron execution started
[2026-04-13 21:10:56] Cron execution started
[2026-04-13 21:11:26] ⚠ TIMEOUT: mosmil exceeded 30 seconds
[2026-04-13 21:11:26] Cron execution completed

[2026-04-13 21:11:27] ⚠ TIMEOUT: mosmil exceeded 30 seconds
[2026-04-13 21:11:27] Cron execution completed

[2026-04-13 21:12:23] Cron execution started
[2026-04-13 21:12:24] Cron execution started
[2026-04-13 21:12:54] ⚠ TIMEOUT: mosmil exceeded 30 seconds
[2026-04-13 21:12:54] Cron execution completed

[2026-04-13 21:12:55] ⚠ TIMEOUT: mosmil exceeded 30 seconds
[2026-04-13 21:12:55] Cron execution completed

[2026-04-13 21:13:45] Cron execution started
[2026-04-13 21:13:46] Cron execution started
[2026-04-13 21:14:16] ⚠ TIMEOUT: mosmil exceeded 30 seconds
[2026-04-13 21:14:16] Cron execution completed

[2026-04-13 21:14:17] ⚠ TIMEOUT: mosmil exceeded 30 seconds
[2026-04-13 21:14:17] Cron execution completed

[2026-04-13 21:16:01] Cron execution started
[2026-04-13 21:16:03] Cron execution started
[2026-04-13 21:16:32] ⚠ TIMEOUT: mosmil exceeded 30 seconds
[2026-04-13 21:16:32] Cron execution completed

[2026-04-13 21:16:33] ⚠ TIMEOUT: mosmil exceeded 30 seconds
[2026-04-13 21:16:33] Cron execution completed

[2026-04-13 21:16:39] Cron execution started
[2026-04-13 21:16:39] Cron execution started
[2026-04-13 21:17:09] ⚠ TIMEOUT: mosmil exceeded 30 seconds
[2026-04-13 21:17:09] Cron execution completed

[2026-04-13 21:17:10] ⚠ TIMEOUT: mosmil exceeded 30 seconds
[2026-04-13 21:17:10] Cron execution completed

[2026-04-13 21:18:37] Cron execution started
[2026-04-13 21:19:08] ⚠ TIMEOUT: mosmil exceeded 30 seconds
[2026-04-13 21:19:08] Cron execution completed

[2026-04-13 21:19:13] Cron execution started
[2026-04-13 21:19:14] Cron execution started
[2026-04-13 21:19:44] ⚠ TIMEOUT: mosmil exceeded 30 seconds
[2026-04-13 21:19:44] Cron execution completed

[2026-04-13 21:19:45] ⚠ TIMEOUT: mosmil exceeded 30 seconds
[2026-04-13 21:19:45] Cron execution completed

[2026-04-13 21:20:37] Cron execution started
[2026-04-13 21:20:38] Cron execution started
[2026-04-13 21:21:08] ⚠ TIMEOUT: mosmil exceeded 30 seconds
[2026-04-13 21:21:08] Cron execution completed

[2026-04-13 21:21:09] ⚠ TIMEOUT: mosmil exceeded 30 seconds
[2026-04-13 21:21:09] Cron execution completed

[2026-04-13 21:22:00] Cron execution started
[2026-04-13 21:22:01] Cron execution started
[2026-04-13 21:22:31] ⚠ TIMEOUT: mosmil exceeded 30 seconds
[2026-04-13 21:22:31] Cron execution completed

[2026-04-13 21:22:32] ⚠ TIMEOUT: mosmil exceeded 30 seconds
[2026-04-13 21:22:32] Cron execution completed

[2026-04-13 21:23:31] Cron execution started
[2026-04-13 21:23:32] Cron execution started
[2026-04-13 21:24:02] ⚠ TIMEOUT: mosmil exceeded 30 seconds
[2026-04-13 21:24:02] Cron execution completed

[2026-04-13 21:24:03] ⚠ TIMEOUT: mosmil exceeded 30 seconds
[2026-04-13 21:24:03] Cron execution completed

[2026-04-13 21:24:58] Cron execution started
[2026-04-13 21:24:59] Cron execution started
[2026-04-13 21:25:29] ⚠ TIMEOUT: mosmil exceeded 30 seconds
[2026-04-13 21:25:29] Cron execution completed

[2026-04-13 21:25:30] ⚠ TIMEOUT: mosmil exceeded 30 seconds
[2026-04-13 21:25:30] Cron execution completed

[2026-04-13 21:26:21] Cron execution started
[2026-04-13 21:26:22] Cron execution started
[2026-04-13 21:26:52] ⚠ TIMEOUT: mosmil exceeded 30 seconds
[2026-04-13 21:26:52] Cron execution completed

[2026-04-13 21:26:53] ⚠ TIMEOUT: mosmil exceeded 30 seconds
[2026-04-13 21:26:53] Cron execution completed

[2026-04-13 21:27:42] Cron execution started
[2026-04-13 21:27:43] Cron execution started
[2026-04-13 21:28:13] ⚠ TIMEOUT: mosmil exceeded 30 seconds
[2026-04-13 21:28:13] Cron execution completed

[2026-04-13 21:28:14] ⚠ TIMEOUT: mosmil exceeded 30 seconds
[2026-04-13 21:28:14] Cron execution completed

[2026-04-13 21:29:05] Cron execution started
[2026-04-13 21:29:06] Cron execution started
[2026-04-13 21:29:36] ⚠ TIMEOUT: mosmil exceeded 30 seconds
[2026-04-13 21:29:37] Cron execution completed

[2026-04-13 21:29:37] ⚠ TIMEOUT: mosmil exceeded 30 seconds
[2026-04-13 21:29:37] Cron execution completed

[2026-04-13 21:30:33] Cron execution started
[2026-04-13 21:30:33] Cron execution started
[2026-04-13 21:31:04] ⚠ TIMEOUT: mosmil exceeded 30 seconds
[2026-04-13 21:31:04] Cron execution completed

[2026-04-13 21:31:06] ⚠ TIMEOUT: mosmil exceeded 30 seconds
[2026-04-13 21:31:06] Cron execution completed

[2026-04-13 21:32:07] Cron execution started
[2026-04-13 21:32:09] Cron execution started
[2026-04-13 21:32:38] ⚠ TIMEOUT: mosmil exceeded 30 seconds
[2026-04-13 21:32:38] Cron execution completed

[2026-04-13 21:32:39] ⚠ TIMEOUT: mosmil exceeded 30 seconds
[2026-04-13 21:32:40] Cron execution completed

[2026-04-13 21:33:36] Cron execution started
[2026-04-13 21:33:37] Cron execution started
[2026-04-13 21:34:07] ⚠ TIMEOUT: mosmil exceeded 30 seconds
[2026-04-13 21:34:07] Cron execution completed

[2026-04-13 21:34:08] ⚠ TIMEOUT: mosmil exceeded 30 seconds
[2026-04-13 21:34:08] Cron execution completed

[2026-04-13 21:35:01] Cron execution started
[2026-04-13 21:35:02] Cron execution started
[2026-04-13 21:35:32] ⚠ TIMEOUT: mosmil exceeded 30 seconds
[2026-04-13 21:35:32] Cron execution completed

[2026-04-13 21:35:33] ⚠ TIMEOUT: mosmil exceeded 30 seconds
[2026-04-13 21:35:33] Cron execution completed

[2026-04-13 21:36:19] Cron execution started
[2026-04-13 21:36:20] Cron execution started
[2026-04-13 21:36:49] ⚠ TIMEOUT: mosmil exceeded 30 seconds
[2026-04-13 21:36:50] Cron execution completed

[2026-04-13 21:36:51] ⚠ TIMEOUT: mosmil exceeded 30 seconds
[2026-04-13 21:36:51] Cron execution completed

[2026-04-13 21:37:44] Cron execution started
[2026-04-13 21:37:45] Cron execution started
[2026-04-13 21:38:15] ⚠ TIMEOUT: mosmil exceeded 30 seconds
[2026-04-13 21:38:16] Cron execution completed

[2026-04-13 21:38:16] ⚠ TIMEOUT: mosmil exceeded 30 seconds
[2026-04-13 21:38:16] Cron execution completed

[2026-04-13 21:39:02] Cron execution started
[2026-04-13 21:39:03] Cron execution started
[2026-04-13 21:39:33] ⚠ TIMEOUT: mosmil exceeded 30 seconds
[2026-04-13 21:39:34] Cron execution completed

[2026-04-13 21:39:34] ⚠ TIMEOUT: mosmil exceeded 30 seconds
[2026-04-13 21:39:34] Cron execution completed

[2026-04-13 21:40:42] Cron execution started
[2026-04-13 21:40:43] Cron execution started
[2026-04-13 21:41:12] ⚠ TIMEOUT: mosmil exceeded 30 seconds
[2026-04-13 21:41:13] Cron execution completed

[2026-04-13 21:41:14] ⚠ TIMEOUT: mosmil exceeded 30 seconds
[2026-04-13 21:41:14] Cron execution completed

[2026-04-13 21:41:57] Cron execution started
[2026-04-13 21:41:58] Cron execution started
[2026-04-13 21:42:27] ⚠ TIMEOUT: mosmil exceeded 30 seconds
[2026-04-13 21:42:28] Cron execution completed

[2026-04-13 21:42:29] ⚠ TIMEOUT: mosmil exceeded 30 seconds
[2026-04-13 21:42:29] Cron execution completed

[2026-04-13 21:43:23] Cron execution started
[2026-04-13 21:43:24] Cron execution started
[2026-04-13 21:43:54] ⚠ TIMEOUT: mosmil exceeded 30 seconds
[2026-04-13 21:43:54] Cron execution completed

[2026-04-13 21:43:54] ⚠ TIMEOUT: mosmil exceeded 30 seconds
[2026-04-13 21:43:55] Cron execution completed

[2026-04-13 21:44:45] Cron execution started
[2026-04-13 21:45:15] ⚠ TIMEOUT: mosmil exceeded 30 seconds
[2026-04-13 21:45:16] Cron execution completed

[2026-04-13 21:47:27] Cron execution started
[2026-04-13 21:47:28] Cron execution started
[2026-04-13 21:47:58] ⚠ TIMEOUT: mosmil exceeded 30 seconds
[2026-04-13 21:47:58] Cron execution completed

[2026-04-13 21:47:58] ⚠ TIMEOUT: mosmil exceeded 30 seconds
[2026-04-13 21:47:59] Cron execution completed

[2026-04-13 21:48:57] Cron execution started
[2026-04-13 21:48:58] Cron execution started
[2026-04-13 21:49:28] ⚠ TIMEOUT: mosmil exceeded 30 seconds
[2026-04-13 21:49:28] Cron execution completed

[2026-04-13 21:49:28] ⚠ TIMEOUT: mosmil exceeded 30 seconds
[2026-04-13 21:49:29] Cron execution completed

[2026-04-13 21:50:23] Cron execution started
[2026-04-13 21:50:24] Cron execution started
[2026-04-13 21:50:54] ⚠ TIMEOUT: mosmil exceeded 30 seconds
[2026-04-13 21:50:54] Cron execution completed

[2026-04-13 21:50:55] ⚠ TIMEOUT: mosmil exceeded 30 seconds
[2026-04-13 21:50:55] Cron execution completed

[2026-04-13 21:51:53] Cron execution started
[2026-04-13 21:51:54] Cron execution started
[2026-04-13 21:52:24] ⚠ TIMEOUT: mosmil exceeded 30 seconds
[2026-04-13 21:52:24] Cron execution completed

[2026-04-13 21:52:25] ⚠ TIMEOUT: mosmil exceeded 30 seconds
[2026-04-13 21:52:25] Cron execution completed

[2026-04-13 21:53:22] Cron execution started
[2026-04-13 21:53:22] Cron execution started
[2026-04-13 21:53:53] ⚠ TIMEOUT: mosmil exceeded 30 seconds
[2026-04-13 21:53:53] ⚠ TIMEOUT: mosmil exceeded 30 seconds
[2026-04-13 21:53:53] Cron execution completed

[2026-04-13 21:53:54] Cron execution completed

[2026-04-13 21:54:45] Cron execution started
[2026-04-13 21:54:45] Cron execution started
[2026-04-13 21:55:16] ⚠ TIMEOUT: mosmil exceeded 30 seconds
[2026-04-13 21:55:16] Cron execution completed

[2026-04-13 21:55:16] ⚠ TIMEOUT: mosmil exceeded 30 seconds
[2026-04-13 21:55:16] Cron execution completed

[2026-04-13 21:57:29] Cron execution started
[2026-04-13 21:57:30] Cron execution started
[2026-04-13 21:58:00] ⚠ TIMEOUT: mosmil exceeded 30 seconds
[2026-04-13 21:58:01] Cron execution completed

[2026-04-13 21:58:01] ⚠ TIMEOUT: mosmil exceeded 30 seconds
[2026-04-13 21:58:01] Cron execution completed

[2026-04-13 21:59:25] Cron execution started
[2026-04-13 21:59:26] Cron execution started
[2026-04-13 21:59:56] ⚠ TIMEOUT: mosmil exceeded 30 seconds
[2026-04-13 21:59:57] Cron execution completed

[2026-04-13 21:59:57] ⚠ TIMEOUT: mosmil exceeded 30 seconds
[2026-04-13 21:59:57] Cron execution completed

[2026-04-13 22:01:05] Cron execution started
[2026-04-13 22:01:06] Cron execution started
[2026-04-13 22:01:37] ⚠ TIMEOUT: mosmil exceeded 30 seconds
[2026-04-13 22:01:37] Cron execution completed

[2026-04-13 22:01:37] ⚠ TIMEOUT: mosmil exceeded 30 seconds
[2026-04-13 22:01:38] Cron execution completed

[2026-04-13 22:02:58] Cron execution started
[2026-04-13 22:03:11] Cron execution started
[2026-04-13 22:03:12] Cron execution started
[2026-04-13 22:03:29] ⚠ TIMEOUT: mosmil exceeded 30 seconds
[2026-04-13 22:03:29] Cron execution completed

[2026-04-13 22:03:42] ⚠ TIMEOUT: mosmil exceeded 30 seconds
[2026-04-13 22:03:43] Cron execution completed

[2026-04-13 22:03:44] ⚠ TIMEOUT: mosmil exceeded 30 seconds
[2026-04-13 22:03:44] Cron execution completed

[2026-04-13 22:05:09] Cron execution started
[2026-04-13 22:05:10] Cron execution started
[2026-04-13 22:05:40] ⚠ TIMEOUT: mosmil exceeded 30 seconds
[2026-04-13 22:05:40] Cron execution completed

[2026-04-13 22:05:41] ⚠ TIMEOUT: mosmil exceeded 30 seconds
[2026-04-13 22:05:41] Cron execution completed

[2026-04-13 22:09:48] Cron execution started
[2026-04-13 22:09:49] Cron execution started
[2026-04-13 22:09:49] Cron execution started
[2026-04-13 22:09:50] Cron execution started
[2026-04-13 22:09:50] Cron execution started
[2026-04-13 22:09:51] Cron execution started
[2026-04-13 22:10:01] ⚠ FAILED: mosmil exited with code 137
[2026-04-13 22:10:01] ⚠ FAILED: mosmil exited with code 137
[2026-04-13 22:10:01] ⚠ FAILED: mosmil exited with code 137
[2026-04-13 22:10:01] Cron execution completed

[2026-04-13 22:10:01] ⚠ FAILED: mosmil exited with code 137
[2026-04-13 22:10:01] Cron execution completed

[2026-04-13 22:10:01] Cron execution completed

[2026-04-13 22:10:04] ⚠ FAILED: mosmil exited with code 137
[2026-04-13 22:10:04] Cron execution completed

[2026-04-13 22:10:05] Cron execution completed

[2026-04-13 22:10:14] ⚠ FAILED: mosmil exited with code 137
[2026-04-13 22:10:14] Cron execution completed

[2026-04-13 22:11:02] Cron execution started
[2026-04-13 22:11:03] Cron execution started
[2026-04-13 22:11:33] ⚠ TIMEOUT: mosmil exceeded 30 seconds
[2026-04-13 22:11:33] Cron execution completed

[2026-04-13 22:11:34] ⚠ TIMEOUT: mosmil exceeded 30 seconds
[2026-04-13 22:11:34] Cron execution completed

[2026-04-13 22:13:03] Cron execution started
[2026-04-13 22:13:04] Cron execution started
[2026-04-13 22:13:34] ⚠ TIMEOUT: mosmil exceeded 30 seconds
[2026-04-13 22:13:34] Cron execution completed

[2026-04-13 22:13:35] ⚠ TIMEOUT: mosmil exceeded 30 seconds
[2026-04-13 22:13:35] Cron execution completed

[2026-04-13 22:15:15] Cron execution started
[2026-04-13 22:15:23] Cron execution started
[2026-04-13 22:15:46] ⚠ TIMEOUT: mosmil exceeded 30 seconds
[2026-04-13 22:15:46] Cron execution completed

[mosmil] MODULE executed (no HTTP_SERVER_SERVE_FOREVER found)
[2026-04-13 22:15:51] Cron execution completed

